Microchip MPLAB XC8 Compiler V2.45

Linker command line:

-W-3 \
  --edf=C:\Program Files\Microchip\xc8\v2.45\pic\dat\20230818022343_en.msgs \
  -cn -h+dist/default/debug\Projeto_Final_EQUIPE3.X.debug.sym \
  --cmf=dist/default/debug\Projeto_Final_EQUIPE3.X.debug.cmf -z -Q16F1827 \
  -oC:\Users\Erik\AppData\Local\Temp\xcAseg0.\driver_tmp_3.o \
  --defsym=__MPLAB_BUILD=1 --fixupoverflow=error \
  -Mdist/default/debug/Projeto_Final_EQUIPE3.X.debug.map \
  --md=C:\Users\Erik\AppData\Local\Temp\xcAseg0.\driver_tmp_0.dat -E1 \
  -ver=XC8 Compiler -ACODE=00h-07FFhx2 -ASTRCODE=00h-0FFFh \
  -ASTRING=00h-0FFhx16 -ACONST=00h-0FFhx16 -AENTRY=00h-0FFhx16 \
  -ACOMMON=070h-07Fh -ABANK0=020h-06Fh -ABANK1=0A0h-0EFh \
  -ABANK2=0120h-016Fh -ABANK3=01A0h-01EFh -ABANK4=0220h-024Fh \
  -ABIGRAM=02000h-0216Fh \
  -ARAM=020h-06Fh,0A0h-0EFh,0120h-016Fh,01A0h-01EFh,0220h-024Fh \
  -AABS1=020h-07Fh,0A0h-0EFh,0120h-016Fh,01A0h-01EFh,0220h-024Fh \
  -ASFR0=00h-01Fh -ASFR1=080h-09Fh -ASFR2=0100h-011Fh -ASFR3=0180h-019Fh \
  -ASFR4=0200h-021Fh -ASFR5=0280h-02EFh -ASFR6=0300h-036Fh \
  -ASFR7=0380h-03EFh -ASFR8=0400h-046Fh -ASFR9=0480h-04EFh \
  -ASFR10=0500h-056Fh -ASFR11=0580h-05EFh -ASFR12=0600h-066Fh \
  -ASFR13=0680h-06EFh -ASFR14=0700h-076Fh -ASFR15=0780h-07EFh \
  -ASFR16=0800h-086Fh -ASFR17=0880h-08EFh -ASFR18=0900h-096Fh \
  -ASFR19=0980h-09EFh -ASFR20=0A00h-0A6Fh -ASFR21=0A80h-0AEFh \
  -ASFR22=0B00h-0B6Fh -ASFR23=0B80h-0BEFh -ASFR24=0C00h-0C6Fh \
  -ASFR25=0C80h-0CEFh -ASFR26=0D00h-0D6Fh -ASFR27=0D80h-0DEFh \
  -ASFR28=0E00h-0E6Fh -ASFR29=0E80h-0EEFh -ASFR30=0F00h-0F6Fh \
  -ASFR31=0F80h-0FEFh -ACONFIG=08007h-08008h -DCONFIG=2 \
  -AIDLOC=08000h-08003h -DIDLOC=2 -AEEDATA=00h-0FFh/0F000h \
  -peeprom_data=EEDATA -DEEDATA=2 -DCODE=2 -DSTRCODE=2 -DSTRING=2 -DCONST=2 \
  -DENTRY=2 -preset_vec=00h,intentry=04h,init,end_init -ppowerup=CODE \
  -pcinit=CODE -pfunctab=ENTRY -k \
  C:\Users\Erik\AppData\Local\Temp\xcAseg0.\driver_tmp_17.o \
  dist/default/debug\Projeto_Final_EQUIPE3.X.debug.o 

Object code version is 3.11

Machine type is 16F1827



                Name                               Link     Load   Length Selector   Space Scale
C:\Users\Erik\AppData\Local\Temp\xcAseg0.\driver_tmp_17.o
                end_init                             56       56        2        8       0
                reset_vec                             0        0        2        0       0
                config                             8007     8007        2        0       4
                idloc                              8000     8000        4        0       5
dist/default/debug\Projeto_Final_EQUIPE3.X.debug.o
                cinit                                58       58       1C        8       0
                intentry                              4        4       52        8       0
                config                             8007     8007        2        0       4
                idloc                              8000     8000        4        0       5
                text83                              C08      C08        1     1810       0
                text82                              D17      D17        F     1A2E       0
                text81                              2FA      2FA       74        8       0
                text80                              1D4      1D4       A5        8       0
                text79                               74       74       B3        8       0
                text78                              279      279       81        8       0
                text77                              DA2      DA2       12     1B44       0
                text76                              F1D      F1D       27     1E3A       0
                text75                              CED      CED        E     19DA       0
                text74                              4D2      4D2       56        8       0
                text73                              C09      C09        1     1812       0
                text72                              DC6      DC6       15     1B8C       0
                text71                              DF0      DF0       17     1BE0       0
                text70                              E8F      E8F       22     1D1E       0
                text69                              3C9      3C9       5B        8       0
                text68                              6AC      6AC       4A        8       0
                text67                              FCF      FCF       31     1F9E       0
                text66                              E1F      E1F       19     1C3E       0
                text65                              6F6      6F6       46        8       0
                text64                              E6E      E6E       21     1CDC       0
                text63                              C74      C74        C     18E8       0
                text62                              C80      C80        C     1900       0
                text61                              C8C      C8C        C     1918       0
                text60                              73C      73C       34        8       0
                text59                              D26      D26        F     1A4C       0
                text58                              616      616       4C        8       0
                text57                              D35      D35        F     1A6A       0
                text56                              528      528       51        8       0
                text55                              C0A      C0A        1     1814       0
                text54                              D44      D44        F     1A88       0
                text53                              36E      36E       5B        8       0
                text52                              C0B      C0B        1     1816       0
                text51                              7A3      7A3       33        8       0
                text50                              D53      D53        F     1AA6       0
                text49                              D91      D91       11     1B22       0
                text48                              C0C      C0C        1     1818       0
                text47                              CE0      CE0        D     19C0       0
                text46                              E07      E07       18     1C0E       0
                text44                              5C9      5C9       4D        8       0
                text43                              770      770       33        8       0
                text42                              E52      E52       1C     1CA4       0
                text41                              ED4      ED4       24     1DA8       0
                text40                              E38      E38       1A     1C70       0
                text39                              662      662       4A        8       0
                text38                              7D6      7D6       2A        8       0
                text37                              D71      D71       10     1AE2       0
                text36                              EB1      EB1       23     1D62       0
                text35                              C98      C98        C     1930       0
                text34                              CA4      CA4        C     1948       0
                text33                              CB0      CB0        C     1960       0
                text32                              47C      47C       56        8       0
                text31                              C1A      C1A        6     1834       0
                text30                              C20      C20        6     1840       0
                text29                              D62      D62        F     1AC4       0
                text28                              C15      C15        5     182A       0
                text27                              424      424       58        8       0
                text26                              C26      C26        6     184C       0
                text25                              D81      D81       10     1B02       0
                text24                              C2C      C2C        6     1858       0
                text23                              DB4      DB4       12     1B68       0
                text22                              CBC      CBC        C     1978       0
                text21                              CC8      CC8        C     1990       0
                text20                              C32      C32        6     1864       0
                text19                              C38      C38        6     1870       0
                text18                              C3E      C3E        6     187C       0
                text17                              EF8      EF8       25     1DF0       0
                text16                              C0D      C0D        4     181A       0
                text15                              C5C      C5C        7     18B8       0
                text14                              C44      C44        6     1888       0
                text13                              C4A      C4A        6     1894       0
                text12                              F6F      F6F       30     1EDE       0
                text11                              C6B      C6B        9     18D6       0
                text10                              CD4      CD4        C     19A8       0
                text9                               C50      C50        6     18A0       0
                text8                               DDB      DDB       15     1BB6       0
                text7                               CFB      CFB        E     19F6       0
                text6                               C63      C63        8     18C6       0
                text5                               C11      C11        4     1822       0
                text4                               F44      F44       2B     1E88       0
                text3                               F9F      F9F       30     1F3E       0
                text2                               D09      D09        E     1A12       0
                text1                               579      579       50        8       0
                maintext                            127      127       AD        8       0
                cstackBANK0                          20       20       1E       20       1
                cstackCOMMON                         70       70        E       70       1
                cstackBANK1                          B4       B4       14       A0       1
                clrtext                             C56      C56        6     18AC       0
                bssBANK1                             C8       C8        F       A0       1
                dataBANK0                            5A       5A        2       20       1
                bssBANK0                             3E       3E       1C       20       1
                nvBANK1                              A0       A0       14       A0       1
                stringtext2                         80C      80C        4     1000       0
                stringtext1                         800      800        C     1000       0
                idataBANK0                            2        2        2        0       0

TOTAL           Name                               Link     Load   Length     Space
        CLASS   CODE           
                end_init                             56       56        2         0
                cinit                                58       58       1C         0
                intentry                              4        4       52         0
                reset_vec                             0        0        2         0
                text83                              C08      C08        1         0
                text82                              D17      D17        F         0
                text81                              2FA      2FA       74         0
                text80                              1D4      1D4       A5         0
                text79                               74       74       B3         0
                text78                              279      279       81         0
                text77                              DA2      DA2       12         0
                text76                              F1D      F1D       27         0
                text75                              CED      CED        E         0
                text74                              4D2      4D2       56         0
                text73                              C09      C09        1         0
                text72                              DC6      DC6       15         0
                text71                              DF0      DF0       17         0
                text70                              E8F      E8F       22         0
                text69                              3C9      3C9       5B         0
                text68                              6AC      6AC       4A         0
                text67                              FCF      FCF       31         0
                text66                              E1F      E1F       19         0
                text65                              6F6      6F6       46         0
                text64                              E6E      E6E       21         0
                text63                              C74      C74        C         0
                text62                              C80      C80        C         0
                text61                              C8C      C8C        C         0
                text60                              73C      73C       34         0
                text59                              D26      D26        F         0
                text58                              616      616       4C         0
                text57                              D35      D35        F         0
                text56                              528      528       51         0
                text55                              C0A      C0A        1         0
                text54                              D44      D44        F         0
                text53                              36E      36E       5B         0
                text52                              C0B      C0B        1         0
                text51                              7A3      7A3       33         0
                text50                              D53      D53        F         0
                text49                              D91      D91       11         0
                text48                              C0C      C0C        1         0
                text47                              CE0      CE0        D         0
                text46                              E07      E07       18         0
                text44                              5C9      5C9       4D         0
                text43                              770      770       33         0
                text42                              E52      E52       1C         0
                text41                              ED4      ED4       24         0
                text40                              E38      E38       1A         0
                text39                              662      662       4A         0
                text38                              7D6      7D6       2A         0
                text37                              D71      D71       10         0
                text36                              EB1      EB1       23         0
                text35                              C98      C98        C         0
                text34                              CA4      CA4        C         0
                text33                              CB0      CB0        C         0
                text32                              47C      47C       56         0
                text31                              C1A      C1A        6         0
                text30                              C20      C20        6         0
                text29                              D62      D62        F         0
                text28                              C15      C15        5         0
                text27                              424      424       58         0
                text26                              C26      C26        6         0
                text25                              D81      D81       10         0
                text24                              C2C      C2C        6         0
                text23                              DB4      DB4       12         0
                text22                              CBC      CBC        C         0
                text21                              CC8      CC8        C         0
                text20                              C32      C32        6         0
                text19                              C38      C38        6         0
                text18                              C3E      C3E        6         0
                text17                              EF8      EF8       25         0
                text16                              C0D      C0D        4         0
                text15                              C5C      C5C        7         0
                text14                              C44      C44        6         0
                text13                              C4A      C4A        6         0
                text12                              F6F      F6F       30         0
                text11                              C6B      C6B        9         0
                text10                              CD4      CD4        C         0
                text9                               C50      C50        6         0
                text8                               DDB      DDB       15         0
                text7                               CFB      CFB        E         0
                text6                               C63      C63        8         0
                text5                               C11      C11        4         0
                text4                               F44      F44       2B         0
                text3                               F9F      F9F       30         0
                text2                               D09      D09        E         0
                text1                               579      579       50         0
                maintext                            127      127       AD         0
                clrtext                             C56      C56        6         0
                idataBANK0                            2        2        2         0

        CLASS   STRCODE        
                stringtext2                         80C      80C        4         0
                stringtext1                         800      800        C         0

        CLASS   STRING         

        CLASS   CONST          

        CLASS   ENTRY          

        CLASS   COMMON         
                cstackCOMMON                         70       70        E         1

        CLASS   BANK0          
                cstackBANK0                          20       20       1E         1
                dataBANK0                            5A       5A        2         1
                bssBANK0                             3E       3E       1C         1

        CLASS   BANK1          
                cstackBANK1                          B4       B4       14         1
                bssBANK1                             C8       C8        F         1
                nvBANK1                              A0       A0       14         1

        CLASS   BANK2          

        CLASS   BANK3          

        CLASS   BANK4          

        CLASS   BIGRAM         

        CLASS   RAM            

        CLASS   ABS1           
                abs_s1                               7E       7E        2         1

        CLASS   SFR0           

        CLASS   SFR1           

        CLASS   SFR2           

        CLASS   SFR3           

        CLASS   SFR4           

        CLASS   SFR5           

        CLASS   SFR6           

        CLASS   SFR7           

        CLASS   SFR8           

        CLASS   SFR9           

        CLASS   SFR10          

        CLASS   SFR11          

        CLASS   SFR12          

        CLASS   SFR13          

        CLASS   SFR14          

        CLASS   SFR15          

        CLASS   SFR16          

        CLASS   SFR17          

        CLASS   SFR18          

        CLASS   SFR19          

        CLASS   SFR20          

        CLASS   SFR21          

        CLASS   SFR22          

        CLASS   SFR23          

        CLASS   SFR24          

        CLASS   SFR25          

        CLASS   SFR26          

        CLASS   SFR27          

        CLASS   SFR28          

        CLASS   SFR29          

        CLASS   SFR30          

        CLASS   SFR31          

        CLASS   CONFIG         
                config                             8007     8007        2         4

        CLASS   IDLOC          
                idloc                              8000     8000        4         5

        CLASS   EEDATA         

        CLASS   BANK31         

        CLASS   BANK30         

        CLASS   BANK29         

        CLASS   BANK28         

        CLASS   BANK27         

        CLASS   BANK26         

        CLASS   BANK25         

        CLASS   BANK24         

        CLASS   BANK23         

        CLASS   BANK22         

        CLASS   BANK21         

        CLASS   BANK20         

        CLASS   BANK19         

        CLASS   BANK18         

        CLASS   BANK17         

        CLASS   BANK16         

        CLASS   BANK15         

        CLASS   BANK14         

        CLASS   BANK13         

        CLASS   BANK12         

        CLASS   BANK11         

        CLASS   BANK10         

        CLASS   BANK9          

        CLASS   BANK8          

        CLASS   BANK7          

        CLASS   BANK6          

        CLASS   BANK5          

        CLASS   HEAP           

        CLASS   STACK          



SEGMENTS        Name                           Load    Length   Top    Selector   Space  Class     Delta

                reset_vec                      000000  000004  000004         0       0  CODE        2
                intentry                       000004  0007FC  000800         8       0  CODE        2
                cstackBANK0                    000020  00003C  00005C        20       1  BANK0       1
                cstackCOMMON                   000070  00000E  00007E        70       1  COMMON      1
                nvBANK1                        0000A0  000037  0000D7        A0       1  BANK1       1
                stringtext1                    000800  000010  000810      1000       0  STRCODE     2
                text83                         000C08  000001  000C09      1810       0  CODE        2
                text73                         000C09  000001  000C0A      1812       0  CODE        2
                text55                         000C0A  000001  000C0B      1814       0  CODE        2
                text52                         000C0B  000001  000C0C      1816       0  CODE        2
                text48                         000C0C  000001  000C0D      1818       0  CODE        2
                text16                         000C0D  000004  000C11      181A       0  CODE        2
                text5                          000C11  000004  000C15      1822       0  CODE        2
                text28                         000C15  000005  000C1A      182A       0  CODE        2
                text31                         000C1A  000006  000C20      1834       0  CODE        2
                text30                         000C20  000006  000C26      1840       0  CODE        2
                text26                         000C26  000006  000C2C      184C       0  CODE        2
                text24                         000C2C  000006  000C32      1858       0  CODE        2
                text20                         000C32  000006  000C38      1864       0  CODE        2
                text19                         000C38  000006  000C3E      1870       0  CODE        2
                text18                         000C3E  000006  000C44      187C       0  CODE        2
                text14                         000C44  000006  000C4A      1888       0  CODE        2
                text13                         000C4A  000006  000C50      1894       0  CODE        2
                text9                          000C50  000006  000C56      18A0       0  CODE        2
                clrtext                        000C56  000006  000C5C      18AC       0  CODE        2
                text15                         000C5C  000007  000C63      18B8       0  CODE        2
                text6                          000C63  000008  000C6B      18C6       0  CODE        2
                text11                         000C6B  000009  000C74      18D6       0  CODE        2
                text63                         000C74  00000C  000C80      18E8       0  CODE        2
                text62                         000C80  00000C  000C8C      1900       0  CODE        2
                text61                         000C8C  00000C  000C98      1918       0  CODE        2
                text35                         000C98  00000C  000CA4      1930       0  CODE        2
                text34                         000CA4  00000C  000CB0      1948       0  CODE        2
                text33                         000CB0  00000C  000CBC      1960       0  CODE        2
                text22                         000CBC  00000C  000CC8      1978       0  CODE        2
                text21                         000CC8  00000C  000CD4      1990       0  CODE        2
                text10                         000CD4  00000C  000CE0      19A8       0  CODE        2
                text47                         000CE0  00000D  000CED      19C0       0  CODE        2
                text75                         000CED  00000E  000CFB      19DA       0  CODE        2
                text7                          000CFB  00000E  000D09      19F6       0  CODE        2
                text2                          000D09  00000E  000D17      1A12       0  CODE        2
                text82                         000D17  00000F  000D26      1A2E       0  CODE        2
                text59                         000D26  00000F  000D35      1A4C       0  CODE        2
                text57                         000D35  00000F  000D44      1A6A       0  CODE        2
                text54                         000D44  00000F  000D53      1A88       0  CODE        2
                text50                         000D53  00000F  000D62      1AA6       0  CODE        2
                text29                         000D62  00000F  000D71      1AC4       0  CODE        2
                text37                         000D71  000010  000D81      1AE2       0  CODE        2
                text25                         000D81  000010  000D91      1B02       0  CODE        2
                text49                         000D91  000011  000DA2      1B22       0  CODE        2
                text77                         000DA2  000012  000DB4      1B44       0  CODE        2
                text23                         000DB4  000012  000DC6      1B68       0  CODE        2
                text72                         000DC6  000015  000DDB      1B8C       0  CODE        2
                text8                          000DDB  000015  000DF0      1BB6       0  CODE        2
                text71                         000DF0  000017  000E07      1BE0       0  CODE        2
                text46                         000E07  000018  000E1F      1C0E       0  CODE        2
                text66                         000E1F  000019  000E38      1C3E       0  CODE        2
                text40                         000E38  00001A  000E52      1C70       0  CODE        2
                text42                         000E52  00001C  000E6E      1CA4       0  CODE        2
                text64                         000E6E  000021  000E8F      1CDC       0  CODE        2
                text70                         000E8F  000022  000EB1      1D1E       0  CODE        2
                text36                         000EB1  000023  000ED4      1D62       0  CODE        2
                text41                         000ED4  000024  000EF8      1DA8       0  CODE        2
                text17                         000EF8  000025  000F1D      1DF0       0  CODE        2
                text76                         000F1D  000027  000F44      1E3A       0  CODE        2
                text4                          000F44  00002B  000F6F      1E88       0  CODE        2
                text12                         000F6F  000030  000F9F      1EDE       0  CODE        2
                text3                          000F9F  000030  000FCF      1F3E       0  CODE        2
                text67                         000FCF  000031  001000      1F9E       0  CODE        2


UNUSED ADDRESS RANGES

        Name                Unused          Largest block    Delta
        BANK0            0005C-0006F              14           1
        BANK1            000D7-000EF              19           1
        BANK2            00120-0016F              50           1
        BANK3            001A0-001EF              50           1
        BANK4            00220-0024F              30           1
        BIGRAM           02000-0216F             170           1
        CODE             00810-00C07             3F8           2
        CONST            00810-00C07             100           2
        EEDATA           0F000-0F0FF             100           2
        ENTRY            00810-00C07             100           2
        RAM              0005C-0006F              14           1
                         000D7-000EF              19
                         00120-0016F              50
                         001A0-001EF              50
                         00220-0024F              30
        SFR0             00000-0001F              20           1
        SFR1             00080-0009F              20           1
        SFR10            00500-0056F              70           1
        SFR11            00580-005EF              70           1
        SFR12            00600-0066F              70           1
        SFR13            00680-006EF              70           1
        SFR14            00700-0076F              70           1
        SFR15            00780-007EF              70           1
        SFR16            00800-0086F              70           1
        SFR17            00880-008EF              70           1
        SFR18            00900-0096F              70           1
        SFR19            00980-009EF              70           1
        SFR2             00100-0011F              20           1
        SFR20            00A00-00A6F              70           1
        SFR21            00A80-00AEF              70           1
        SFR22            00B00-00B6F              70           1
        SFR23            00B80-00BEF              70           1
        SFR24            00C00-00C6F              70           1
        SFR25            00C80-00CEF              70           1
        SFR26            00D00-00D6F              70           1
        SFR27            00D80-00DEF              70           1
        SFR28            00E00-00E6F              70           1
        SFR29            00E80-00EEF              70           1
        SFR3             00180-0019F              20           1
        SFR30            00F00-00F6F              70           1
        SFR31            00F80-00FEF              70           1
        SFR4             00200-0021F              20           1
        SFR5             00280-002EF              70           1
        SFR6             00300-0036F              70           1
        SFR7             00380-003EF              70           1
        SFR8             00400-0046F              70           1
        SFR9             00480-004EF              70           1
        STRCODE          00810-00C07             3F8           2
        STRING           00810-00C07             100           2

                                  Symbol Table

?___ftdiv                                      cstackCOMMON 00078
?___ftmul                                      cstackBANK0  00020
?___ftpack                                     cstackCOMMON 00070
?___fttol                                      cstackBANK0  0002A
?___lwtoft                                     cstackCOMMON 00078
ADC_SetInterruptHandler@InterruptHandler       cstackBANK1  000B4
AtualizarFilaSolicitacoes@andar                cstackBANK1  000B4
AtualizarFilaSolicitacoes@checarDestino        cstackBANK1  000B6
AtualizarFilaSolicitacoes@i                    cstackBANK1  000B9
AtualizarFlagDestino@andar                     cstackBANK1  000B4
AtualizarFlagDestino@i                         cstackBANK1  000B8
CCP4_CaptureISR@module                         cstackBANK0  0003C
CCP4_SetCallBack@customCallBack                cstackBANK1  000B4
CMP1_SetInterruptHandler@InterruptHandler      cstackBANK1  000B4
CMP2_SetInterruptHandler@InterruptHandler      cstackBANK1  000B4
CompletaSolicitacao@andar                      cstackBANK1  000BD
CompletaSolicitacao@temDestino                 cstackBANK1  000BF
CompletaSolicitacao@temOrigem                  cstackBANK1  000C0
EUSART_SetErrorHandler@interruptHandler        cstackBANK1  000B4
EUSART_SetFramingErrorHandler@interruptHandler cstackBANK1  000B4
EUSART_SetOverrunErrorHandler@interruptHandler cstackBANK1  000B4
IOCBF0_SetInterruptHandler@InterruptHandler    cstackBANK1  000B4
IOCBF3_SetInterruptHandler@InterruptHandler    cstackBANK1  000B4
Interrupt_CCP4@data                            cstackBANK0  0003A
Interrupt_CCP4@valor_capturado                 cstackBANK0  00037
PWM3_LoadDutyValue@dutyValue                   cstackBANK1  000B4
PararElevadorEAtualizarEstado@andar            cstackBANK1  000B9
SPI1_ExchangeBlock@block                       cstackBANK1  000B7
SPI1_ExchangeBlock@blockSize                   cstackBANK1  000B4
SPI1_ExchangeBlock@data                        cstackBANK1  000B8
SPI1_Open@spi1UniqueConfiguration              cstackBANK1  000B7
TMR0_ISR@CountCallBack                         bssBANK0     00052
TMR0_SetInterruptHandler@InterruptHandler      cstackBANK1  000B4
_ADCON0                                        (abs)        0009D
_ADCON0bits                                    (abs)        0009D
_ADCON1                                        (abs)        0009E
_ADC_DefaultInterruptHandler                   text83       00C08
_ADC_ISR                                       text82       00D17
_ADC_Initialize                                text25       00D81
_ADC_InterruptHandler                          nvBANK1      000A4
_ADC_SetInterruptHandler                       text26       00C26
_ADRESH                                        (abs)        0009C
_ADRESL                                        (abs)        0009B
_ANSELA                                        (abs)        0018C
_ANSELB                                        (abs)        0018D
_APFCON0                                       (abs)        0011D
_APFCON1                                       (abs)        0011E
_Andar0                                        text32       0047C
_Andar0$intlevel0                              text32       00480
_Andar1                                        text51       007A3
_Andar2                                        text60       0073C
_Andar3                                        text58       00616
_AtualizarFilaSolicitacoes                     text44       005C9
_AtualizarFlagDestino                          text43       00770
_BAUDCON                                       (abs)        0019F
_BORCON                                        (abs)        00116
_CCP3CON                                       (abs)        00313
_CCP4CON                                       (abs)        0031A
_CCP4_CallBack                                 nvBANK1      000A0
_CCP4_CaptureISR                               text72       00DC6
_CCP4_DefaultCallBack                          text73       00C09
_CCP4_Initialize                               text23       00DB4
_CCP4_SetCallBack                              text24       00C2C
_CCPR3H                                        (abs)        00312
_CCPR3L                                        (abs)        00311
_CCPR4H                                        (abs)        00319
_CCPR4L                                        (abs)        00318
_CCPTMRS0bits                                  (abs)        0029E
_CM1CON0                                       (abs)        00111
_CM1CON1                                       (abs)        00112
_CM2CON0                                       (abs)        00113
_CM2CON1                                       (abs)        00114
_CMOUTbits                                     (abs)        00115
_CMP1_ISR                                      text59       00D26
_CMP1_Initialize                               text22       00CBC
_CMP1_InterruptHandler                         nvBANK1      000A8
_CMP1_SetInterruptHandler                      text31       00C1A
_CMP2_ISR                                      text57       00D35
_CMP2_Initialize                               text21       00CC8
_CMP2_InterruptHandler                         nvBANK1      000A6
_CMP2_SetInterruptHandler                      text30       00C20
_CompletaSolicitacao                           text39       00662
_EEADRH                                        (abs)        00192
_EEADRL                                        (abs)        00191
_EECON1bits                                    (abs)        00195
_EECON2                                        (abs)        00196
_EEDATH                                        (abs)        00194
_EEDATL                                        (abs)        00193
_EUSART_DefaultErrorHandler                    (abs)        00000
_EUSART_DefaultFramingErrorHandler             (abs)        00000
_EUSART_DefaultOverrunErrorHandler             (abs)        00000
_EUSART_ErrorHandler                           nvBANK1      000AA
_EUSART_FramingErrorHandler                    nvBANK1      000AE
_EUSART_Initialize                             text17       00EF8
_EUSART_OverrunErrorHandler                    nvBANK1      000AC
_EUSART_Read                                   text29       00D62
_EUSART_SetErrorHandler                        text20       00C32
_EUSART_SetFramingErrorHandler                 text19       00C38
_EUSART_SetOverrunErrorHandler                 text18       00C3E
_EUSART_is_rx_ready                            text28       00C15
_FVRCON                                        (abs)        00117
_FVRCONbits                                    (abs)        00117
_FVR_Initialize                                text16       00C0D
_INTCONbits                                    (abs)        0000B
_INTERRUPT_InterruptManager                    intentry     00004
_IOCBF0_DefaultInterruptHandler                text55       00C0A
_IOCBF0_ISR                                    text54       00D44
_IOCBF0_InterruptHandler                       nvBANK1      000B2
_IOCBF0_SetInterruptHandler                    text14       00C44
_IOCBF3_DefaultInterruptHandler                text52       00C0B
_IOCBF3_ISR                                    text50       00D53
_IOCBF3_InterruptHandler                       nvBANK1      000B0
_IOCBF3_SetInterruptHandler                    text13       00C4A
_IOCBFbits                                     (abs)        00396
_IOCBNbits                                     (abs)        00395
_IOCBPbits                                     (abs)        00394
_Interrupt_CCP4                                text74       004D2
_LATA                                          (abs)        0010C
_LATAbits                                      (abs)        0010C
_LATB                                          (abs)        0010D
_LATBbits                                      (abs)        0010D
_OPTION_REG                                    (abs)        00095
_OPTION_REGbits                                (abs)        00095
_OSCCON                                        (abs)        00099
_OSCILLATOR_Initialize                         text15       00C5C
_OSCTUNE                                       (abs)        00098
_PIE1bits                                      (abs)        00091
_PIE2bits                                      (abs)        00092
_PIE3bits                                      (abs)        00093
_PIN_MANAGER_IOC                               text49       00D91
_PIN_MANAGER_Initialize                        text12       00F6F
_PIR1bits                                      (abs)        00011
_PIR2bits                                      (abs)        00012
_PIR3bits                                      (abs)        00013
_PR2                                           (abs)        0001B
_PWM3_Initialize                               text11       00C6B
_PWM3_LoadDutyValue                            text42       00E52
_PararElevadorEAtualizarEstado                 text40       00E38
_RCREG                                         (abs)        00199
_RCSTA                                         (abs)        0019D
_RCSTAbits                                     (abs)        0019D
_SPBRGH                                        (abs)        0019C
_SPBRGL                                        (abs)        0019B
_SPI1_ExchangeBlock                            text38       007D6
_SPI1_Initialize                               text10       00CD4
_SPI1_Open                                     text27       00424
_SSP1ADD                                       (abs)        00212
_SSP1BUF                                       (abs)        00211
_SSP1CON1                                      (abs)        00215
_SSP1CON1bits                                  (abs)        00215
_SSP1CON2                                      (abs)        00216
_SSP1STAT                                      (abs)        00214
_SYSTEM_Initialize                             text4        00F44
_T1CON                                         (abs)        00018
_T1CONbits                                     (abs)        00018
_T1GCON                                        (abs)        00019
_T1GCONbits                                    (abs)        00019
_T2CON                                         (abs)        0001C
_T2CONbits                                     (abs)        0001C
_TMR0                                          (abs)        00015
_TMR0_CallBack                                 text47       00CE0
_TMR0_DefaultInterruptHandler                  text48       00C0C
_TMR0_ISR                                      text46       00E07
_TMR0_Initialize                               text8        00DDB
_TMR0_InterruptHandler                         nvBANK1      000A2
_TMR0_SetInterruptHandler                      text9        00C50
_TMR1H                                         (abs)        00017
_TMR1L                                         (abs)        00016
_TMR1_Initialize                               text7        00CFB
_TMR2                                          (abs)        0001A
_TMR2_Initialize                               text6        00C63
_TRISA                                         (abs)        0008C
_TRISB                                         (abs)        0008D
_TRISBbits                                     (abs)        0008D
_TXREG                                         (abs)        0019A
_TXSTA                                         (abs)        0019E
_TXSTAbits                                     (abs)        0019E
_WDTCON                                        (abs)        00097
_WDT_Initialize                                text5        00C11
_WPUA                                          (abs)        0020C
_WPUB                                          (abs)        0020D
__H__absolute__                                __absolute__ 00000
__Habs1                                        abs1         00000
__Hbank0                                       bank0        00000
__Hbank1                                       bank1        00000
__Hbank10                                      bank10       00000
__Hbank11                                      bank11       00000
__Hbank12                                      bank12       00000
__Hbank13                                      bank13       00000
__Hbank14                                      bank14       00000
__Hbank15                                      bank15       00000
__Hbank16                                      bank16       00000
__Hbank17                                      bank17       00000
__Hbank18                                      bank18       00000
__Hbank19                                      bank19       00000
__Hbank2                                       bank2        00000
__Hbank20                                      bank20       00000
__Hbank21                                      bank21       00000
__Hbank22                                      bank22       00000
__Hbank23                                      bank23       00000
__Hbank24                                      bank24       00000
__Hbank25                                      bank25       00000
__Hbank26                                      bank26       00000
__Hbank27                                      bank27       00000
__Hbank28                                      bank28       00000
__Hbank29                                      bank29       00000
__Hbank3                                       bank3        00000
__Hbank30                                      bank30       00000
__Hbank31                                      bank31       00000
__Hbank4                                       bank4        00000
__Hbank5                                       bank5        00000
__Hbank6                                       bank6        00000
__Hbank7                                       bank7        00000
__Hbank8                                       bank8        00000
__Hbank9                                       bank9        00000
__Hbigram                                      bigram       00000
__HbssBANK0                                    bssBANK0     00000
__HbssBANK1                                    bssBANK1     00000
__Hcinit                                       cinit        00074
__Hclrtext                                     clrtext      00000
__Hcode                                        code         00000
__Hcommon                                      common       00000
__Hconfig                                      config       08009
__HcstackBANK0                                 cstackBANK0  00000
__HcstackBANK1                                 cstackBANK1  00000
__HcstackCOMMON                                cstackCOMMON 00000
__HdataBANK0                                   dataBANK0    00000
__Heeprom_data                                 eeprom_data  00000
__Hend_init                                    end_init     00058
__Hfunctab                                     functab      00000
__Hheap                                        heap         00000
__HidataBANK0                                  idataBANK0   00000
__Hidloc                                       idloc        08004
__Hinit                                        init         00056
__Hintentry                                    intentry     00056
__Hmaintext                                    maintext     00000
__HnvBANK1                                     nvBANK1      00000
__Hpowerup                                     powerup      00000
__Hram                                         ram          00000
__Hreset_vec                                   reset_vec    00002
__Hsfr0                                        sfr0         00000
__Hsfr1                                        sfr1         00000
__Hsfr10                                       sfr10        00000
__Hsfr11                                       sfr11        00000
__Hsfr12                                       sfr12        00000
__Hsfr13                                       sfr13        00000
__Hsfr14                                       sfr14        00000
__Hsfr15                                       sfr15        00000
__Hsfr16                                       sfr16        00000
__Hsfr17                                       sfr17        00000
__Hsfr18                                       sfr18        00000
__Hsfr19                                       sfr19        00000
__Hsfr2                                        sfr2         00000
__Hsfr20                                       sfr20        00000
__Hsfr21                                       sfr21        00000
__Hsfr22                                       sfr22        00000
__Hsfr23                                       sfr23        00000
__Hsfr24                                       sfr24        00000
__Hsfr25                                       sfr25        00000
__Hsfr26                                       sfr26        00000
__Hsfr27                                       sfr27        00000
__Hsfr28                                       sfr28        00000
__Hsfr29                                       sfr29        00000
__Hsfr3                                        sfr3         00000
__Hsfr30                                       sfr30        00000
__Hsfr31                                       sfr31        00000
__Hsfr4                                        sfr4         00000
__Hsfr5                                        sfr5         00000
__Hsfr6                                        sfr6         00000
__Hsfr7                                        sfr7         00000
__Hsfr8                                        sfr8         00000
__Hsfr9                                        sfr9         00000
__Hspace_0                                     (abs)        01000
__Hspace_1                                     (abs)        000D7
__Hspace_2                                     (abs)        00000
__Hspace_3                                     (abs)        00000
__Hspace_4                                     (abs)        10010
__Hstack                                       stack        00000
__Hstrings                                     strings      00000
__Hstringtext1                                 stringtext1  00000
__Hstringtext2                                 stringtext2  00000
__Htext                                        text         00000
__L__absolute__                                __absolute__ 00000
__Labs1                                        abs1         00000
__Lbank0                                       bank0        00000
__Lbank1                                       bank1        00000
__Lbank10                                      bank10       00000
__Lbank11                                      bank11       00000
__Lbank12                                      bank12       00000
__Lbank13                                      bank13       00000
__Lbank14                                      bank14       00000
__Lbank15                                      bank15       00000
__Lbank16                                      bank16       00000
__Lbank17                                      bank17       00000
__Lbank18                                      bank18       00000
__Lbank19                                      bank19       00000
__Lbank2                                       bank2        00000
__Lbank20                                      bank20       00000
__Lbank21                                      bank21       00000
__Lbank22                                      bank22       00000
__Lbank23                                      bank23       00000
__Lbank24                                      bank24       00000
__Lbank25                                      bank25       00000
__Lbank26                                      bank26       00000
__Lbank27                                      bank27       00000
__Lbank28                                      bank28       00000
__Lbank29                                      bank29       00000
__Lbank3                                       bank3        00000
__Lbank30                                      bank30       00000
__Lbank31                                      bank31       00000
__Lbank4                                       bank4        00000
__Lbank5                                       bank5        00000
__Lbank6                                       bank6        00000
__Lbank7                                       bank7        00000
__Lbank8                                       bank8        00000
__Lbank9                                       bank9        00000
__Lbigram                                      bigram       00000
__LbssBANK0                                    bssBANK0     00000
__LbssBANK1                                    bssBANK1     00000
__Lcinit                                       cinit        00058
__Lclrtext                                     clrtext      00000
__Lcode                                        code         00000
__Lcommon                                      common       00000
__Lconfig                                      config       00000
__LcstackBANK0                                 cstackBANK0  00000
__LcstackBANK1                                 cstackBANK1  00000
__LcstackCOMMON                                cstackCOMMON 00000
__LdataBANK0                                   dataBANK0    00000
__Leeprom_data                                 eeprom_data  00000
__Lend_init                                    end_init     00056
__Lfunctab                                     functab      00000
__Lheap                                        heap         00000
__LidataBANK0                                  idataBANK0   00000
__Lidloc                                       idloc        00000
__Linit                                        init         00056
__Lintentry                                    intentry     00004
__Lmaintext                                    maintext     00000
__LnvBANK1                                     nvBANK1      00000
__Lpowerup                                     powerup      00000
__Lram                                         ram          00000
__Lreset_vec                                   reset_vec    00000
__Lsfr0                                        sfr0         00000
__Lsfr1                                        sfr1         00000
__Lsfr10                                       sfr10        00000
__Lsfr11                                       sfr11        00000
__Lsfr12                                       sfr12        00000
__Lsfr13                                       sfr13        00000
__Lsfr14                                       sfr14        00000
__Lsfr15                                       sfr15        00000
__Lsfr16                                       sfr16        00000
__Lsfr17                                       sfr17        00000
__Lsfr18                                       sfr18        00000
__Lsfr19                                       sfr19        00000
__Lsfr2                                        sfr2         00000
__Lsfr20                                       sfr20        00000
__Lsfr21                                       sfr21        00000
__Lsfr22                                       sfr22        00000
__Lsfr23                                       sfr23        00000
__Lsfr24                                       sfr24        00000
__Lsfr25                                       sfr25        00000
__Lsfr26                                       sfr26        00000
__Lsfr27                                       sfr27        00000
__Lsfr28                                       sfr28        00000
__Lsfr29                                       sfr29        00000
__Lsfr3                                        sfr3         00000
__Lsfr30                                       sfr30        00000
__Lsfr31                                       sfr31        00000
__Lsfr4                                        sfr4         00000
__Lsfr5                                        sfr5         00000
__Lsfr6                                        sfr6         00000
__Lsfr7                                        sfr7         00000
__Lsfr8                                        sfr8         00000
__Lsfr9                                        sfr9         00000
__Lspace_0                                     (abs)        00000
__Lspace_1                                     (abs)        00000
__Lspace_2                                     (abs)        00000
__Lspace_3                                     (abs)        00000
__Lspace_4                                     (abs)        00000
__Lstack                                       stack        00000
__Lstrings                                     strings      00000
__Lstringtext1                                 stringtext1  00000
__Lstringtext2                                 stringtext2  00000
__Ltext                                        text         00000
__S0                                           (abs)        01000
__S1                                           (abs)        000D7
__S3                                           (abs)        00000
___ftdiv                                       text80       001D4
___ftdiv@cntr                                  cstackBANK0  00024
___ftdiv@exp                                   cstackBANK0  00028
___ftdiv@f1                                    cstackCOMMON 0007B
___ftdiv@f2                                    cstackCOMMON 00078
___ftdiv@f3                                    cstackBANK0  00025
___ftdiv@sign                                  cstackBANK0  00029
___ftmul                                       text79       00074
___ftmul@cntr                                  cstackBANK0  0002E
___ftmul@exp                                   cstackBANK0  0002A
___ftmul@f1                                    cstackBANK0  00020
___ftmul@f2                                    cstackBANK0  00023
___ftmul@f3_as_product                         cstackBANK0  0002B
___ftmul@sign                                  cstackBANK0  0002F
___ftpack                                      text81       002FA
___ftpack@arg                                  cstackCOMMON 00070
___ftpack@exp                                  cstackCOMMON 00073
___ftpack@sign                                 cstackCOMMON 00074
___fttol                                       text78       00279
___fttol@exp1                                  cstackBANK0  00036
___fttol@f1                                    cstackBANK0  0002A
___fttol@lval                                  cstackBANK0  00032
___fttol@sign1                                 cstackBANK0  00031
___heap_hi                                     (abs)        00000
___heap_lo                                     (abs)        00000
___int_sp                                      stack        00000
___int_stack_hi                                stack        00000
___int_stack_lo                                stack        00000
___latbits                                     (abs)        00001
___lwtoft                                      text77       00DA2
___lwtoft@c                                    cstackCOMMON 00078
___sp                                          stack        00000
___stack_hi                                    stack        00000
___stack_lo                                    stack        00000
___stackhi                                     (abs)        00000
___stacklo                                     (abs)        00000
__end_of_ADC_DefaultInterruptHandler           text83       00C09
__end_of_ADC_ISR                               text82       00D26
__end_of_ADC_Initialize                        text25       00D91
__end_of_ADC_SetInterruptHandler               text26       00C2C
__end_of_Andar0                                text32       004D2
__end_of_Andar1                                text51       007D6
__end_of_Andar2                                text60       00770
__end_of_Andar3                                text58       00662
__end_of_AtualizarFilaSolicitacoes             text44       00616
__end_of_AtualizarFlagDestino                  text43       007A3
__end_of_CCP4_CaptureISR                       text72       00DDB
__end_of_CCP4_DefaultCallBack                  text73       00C0A
__end_of_CCP4_Initialize                       text23       00DC6
__end_of_CCP4_SetCallBack                      text24       00C32
__end_of_CMP1_ISR                              text59       00D35
__end_of_CMP1_Initialize                       text22       00CC8
__end_of_CMP1_SetInterruptHandler              text31       00C20
__end_of_CMP2_ISR                              text57       00D44
__end_of_CMP2_Initialize                       text21       00CD4
__end_of_CMP2_SetInterruptHandler              text30       00C26
__end_of_CompletaSolicitacao                   text39       006AC
__end_of_EUSART_Initialize                     text17       00F1D
__end_of_EUSART_Read                           text29       00D71
__end_of_EUSART_SetErrorHandler                text20       00C38
__end_of_EUSART_SetFramingErrorHandler         text19       00C3E
__end_of_EUSART_SetOverrunErrorHandler         text18       00C44
__end_of_EUSART_is_rx_ready                    text28       00C1A
__end_of_FVR_Initialize                        text16       00C11
__end_of_INTERRUPT_InterruptManager            intentry     00056
__end_of_IOCBF0_DefaultInterruptHandler        text55       00C0B
__end_of_IOCBF0_ISR                            text54       00D53
__end_of_IOCBF0_SetInterruptHandler            text14       00C4A
__end_of_IOCBF3_DefaultInterruptHandler        text52       00C0C
__end_of_IOCBF3_ISR                            text50       00D62
__end_of_IOCBF3_SetInterruptHandler            text13       00C50
__end_of_Interrupt_CCP4                        text74       00528
__end_of_OSCILLATOR_Initialize                 text15       00C63
__end_of_PIN_MANAGER_IOC                       text49       00DA2
__end_of_PIN_MANAGER_Initialize                text12       00F9F
__end_of_PWM3_Initialize                       text11       00C74
__end_of_PWM3_LoadDutyValue                    text42       00E6E
__end_of_PararElevadorEAtualizarEstado         text40       00E52
__end_of_SPI1_ExchangeBlock                    text38       00800
__end_of_SPI1_Initialize                       text10       00CE0
__end_of_SPI1_Open                             text27       0047C
__end_of_SYSTEM_Initialize                     text4        00F6F
__end_of_TMR0_CallBack                         text47       00CED
__end_of_TMR0_DefaultInterruptHandler          text48       00C0D
__end_of_TMR0_ISR                              text46       00E1F
__end_of_TMR0_Initialize                       text8        00DF0
__end_of_TMR0_SetInterruptHandler              text9        00C56
__end_of_TMR1_Initialize                       text7        00D09
__end_of_TMR2_Initialize                       text6        00C6B
__end_of_WDT_Initialize                        text5        00C15
__end_of___ftdiv                               text80       00279
__end_of___ftmul                               text79       00127
__end_of___ftpack                              text81       0036E
__end_of___fttol                               text78       002FA
__end_of___lwtoft                              text77       00DB4
__end_of__initialization                       cinit        00070
__end_of_adicionaSolicitacaoNaFila             text3        00FCF
__end_of_ascii2bin                             text2        00D17
__end_of_controlaMotorElevador                 text41       00EF8
__end_of_descendoMatriz                        text35       00CA4
__end_of_determinaProximoDestinoPiso1          text53       003C9
__end_of_determinaProximoDestinoPiso2          text69       00424
__end_of_initMatrix                            text1        005C9
__end_of_main                                  maintext     001D4
__end_of_matrixUpdate                          text36       00ED4
__end_of_matrix_conf                           stringtext1  0080C
__end_of_paradoMatriz                          text34       00CB0
__end_of_spi1_configuration                    stringtext2  00810
__end_of_subindoMatriz                         text33       00CBC
__end_of_txSpi                                 text37       00D81
__end_ofi1_Andar0                              text56       00579
__end_ofi1_AtualizarFilaSolicitacoes           text68       006F6
__end_ofi1_AtualizarFlagDestino                text67       01000
__end_ofi1_CompletaSolicitacao                 text65       0073C
__end_ofi1_PWM3_LoadDutyValue                  text71       00E07
__end_ofi1_PararElevadorEAtualizarEstado       text66       00E38
__end_ofi1_SPI1_ExchangeBlock                  text76       00F44
__end_ofi1_controlaMotorElevador               text70       00EB1
__end_ofi1_descendoMatriz                      text63       00C80
__end_ofi1_matrixUpdate                        text64       00E8F
__end_ofi1_paradoMatriz                        text62       00C8C
__end_ofi1_subindoMatriz                       text61       00C98
__end_ofi1_txSpi                               text75       00CFB
__initialization                               cinit        00058
__pbssBANK0                                    bssBANK0     0003E
__pbssBANK1                                    bssBANK1     000C8
__pcstackBANK0                                 cstackBANK0  00020
__pcstackBANK1                                 cstackBANK1  000B4
__pcstackCOMMON                                cstackCOMMON 00070
__pdataBANK0                                   dataBANK0    0005A
__pidataBANK0                                  idataBANK0   00002
__pintentry                                    intentry     00004
__pmaintext                                    maintext     00127
__pnvBANK1                                     nvBANK1      000A0
__pstringtext1                                 stringtext1  00800
__pstringtext2                                 stringtext2  0080C
__ptext1                                       text1        00579
__ptext10                                      text10       00CD4
__ptext11                                      text11       00C6B
__ptext12                                      text12       00F6F
__ptext13                                      text13       00C4A
__ptext14                                      text14       00C44
__ptext15                                      text15       00C5C
__ptext16                                      text16       00C0D
__ptext17                                      text17       00EF8
__ptext18                                      text18       00C3E
__ptext19                                      text19       00C38
__ptext2                                       text2        00D09
__ptext20                                      text20       00C32
__ptext21                                      text21       00CC8
__ptext22                                      text22       00CBC
__ptext23                                      text23       00DB4
__ptext24                                      text24       00C2C
__ptext25                                      text25       00D81
__ptext26                                      text26       00C26
__ptext27                                      text27       00424
__ptext28                                      text28       00C15
__ptext29                                      text29       00D62
__ptext3                                       text3        00F9F
__ptext30                                      text30       00C20
__ptext31                                      text31       00C1A
__ptext32                                      text32       0047C
__ptext33                                      text33       00CB0
__ptext34                                      text34       00CA4
__ptext35                                      text35       00C98
__ptext36                                      text36       00EB1
__ptext37                                      text37       00D71
__ptext38                                      text38       007D6
__ptext39                                      text39       00662
__ptext4                                       text4        00F44
__ptext40                                      text40       00E38
__ptext41                                      text41       00ED4
__ptext42                                      text42       00E52
__ptext43                                      text43       00770
__ptext44                                      text44       005C9
__ptext46                                      text46       00E07
__ptext47                                      text47       00CE0
__ptext48                                      text48       00C0C
__ptext49                                      text49       00D91
__ptext5                                       text5        00C11
__ptext50                                      text50       00D53
__ptext51                                      text51       007A3
__ptext52                                      text52       00C0B
__ptext53                                      text53       0036E
__ptext54                                      text54       00D44
__ptext55                                      text55       00C0A
__ptext56                                      text56       00528
__ptext57                                      text57       00D35
__ptext58                                      text58       00616
__ptext59                                      text59       00D26
__ptext6                                       text6        00C63
__ptext60                                      text60       0073C
__ptext61                                      text61       00C8C
__ptext62                                      text62       00C80
__ptext63                                      text63       00C74
__ptext64                                      text64       00E6E
__ptext65                                      text65       006F6
__ptext66                                      text66       00E1F
__ptext67                                      text67       00FCF
__ptext68                                      text68       006AC
__ptext69                                      text69       003C9
__ptext7                                       text7        00CFB
__ptext70                                      text70       00E8F
__ptext71                                      text71       00DF0
__ptext72                                      text72       00DC6
__ptext73                                      text73       00C09
__ptext74                                      text74       004D2
__ptext75                                      text75       00CED
__ptext76                                      text76       00F1D
__ptext77                                      text77       00DA2
__ptext78                                      text78       00279
__ptext79                                      text79       00074
__ptext8                                       text8        00DDB
__ptext80                                      text80       001D4
__ptext81                                      text81       002FA
__ptext82                                      text82       00D17
__ptext83                                      text83       00C08
__ptext9                                       text9        00C50
_adicionaSolicitacaoNaFila                     text3        00F9F
_andar_atual                                   bssBANK0     00056
_ascii2bin                                     text2        00D09
_buffer                                        bssBANK1     000D2
_cont_RX                                       bssBANK0     00055
_controlaMotorElevador                         text41       00ED4
_descendoMatriz                                text35       00C98
_determinaProximoDestinoPiso1                  text53       0036E
_determinaProximoDestinoPiso2                  text69       003C9
_estado                                        dataBANK0    0005B
_estado_anterior                               dataBANK0    0005A
_eusartRxLastError                             bssBANK0     00059
_filaSolicitacoes                              bssBANK1     000C8
_flagDestinos                                  bssBANK0     0004A
_flagOrigens                                   bssBANK0     00046
_initMatrix                                    text1        00579
_main                                          maintext     00127
_matrixUpdate                                  text36       00EB1
_matrix_conf                                   stringtext1  00800
_matriz                                        bssBANK0     0003E
_paradoMatriz                                  text34       00CA4
_posicao                                       bssBANK0     00054
_spi1_configuration                            stringtext2  0080C
_subindoMatriz                                 text33       00CB0
_tempo_captura                                 bssBANK1     000D4
_timer0ReloadVal                               bssBANK0     00058
_timer1ReloadVal                               bssBANK0     00050
_totalSolicitacoes                             bssBANK0     00057
_txSpi                                         text37       00D71
_velocidade                                    bssBANK0     0004E
adicionaSolicitacaoNaFila@pisoDestino          cstackBANK1  000B5
adicionaSolicitacaoNaFila@pisoOrigem           cstackBANK1  000B7
ascii2bin@caractereAscii                       cstackBANK1  000B4
btemp                                          (abs)        0007E
clear_ram0                                     clrtext      00C56
controlaMotorElevador@aux                      cstackBANK1  000B8
end_of_initialization                          cinit        00070
i1AtualizarFilaSolicitacoes@andar              cstackCOMMON 00070
i1AtualizarFilaSolicitacoes@checarDestino      cstackCOMMON 00072
i1AtualizarFilaSolicitacoes@i                  cstackCOMMON 00075
i1AtualizarFlagDestino@andar                   cstackCOMMON 00070
i1AtualizarFlagDestino@i                       cstackCOMMON 00074
i1CompletaSolicitacao@andar                    cstackCOMMON 00079
i1CompletaSolicitacao@temDestino               cstackCOMMON 0007B
i1CompletaSolicitacao@temOrigem                cstackCOMMON 0007C
i1PWM3_LoadDutyValue@dutyValue                 cstackCOMMON 00070
i1PararElevadorEAtualizarEstado@andar          cstackCOMMON 00075
i1SPI1_ExchangeBlock@block                     cstackCOMMON 00073
i1SPI1_ExchangeBlock@blockSize                 cstackCOMMON 00070
i1SPI1_ExchangeBlock@data                      cstackCOMMON 00074
i1_Andar0                                      text56       00528
i1_AtualizarFilaSolicitacoes                   text68       006AC
i1_AtualizarFlagDestino                        text67       00FCF
i1_CompletaSolicitacao                         text65       006F6
i1_PWM3_LoadDutyValue                          text71       00DF0
i1_PararElevadorEAtualizarEstado               text66       00E1F
i1_SPI1_ExchangeBlock                          text76       00F1D
i1_controlaMotorElevador                       text70       00E8F
i1_descendoMatriz                              text63       00C74
i1_matrixUpdate                                text64       00E6E
i1_paradoMatriz                                text62       00C80
i1_subindoMatriz                               text61       00C8C
i1_txSpi                                       text75       00CED
i1controlaMotorElevador@aux                    cstackCOMMON 00074
i1matrixUpdate@data                            cstackCOMMON 0007A
i1matrixUpdate@i_1628                          cstackCOMMON 0007C
i1matrixUpdate@indice                          cstackCOMMON 00079
i1txSpi@data                                   cstackCOMMON 00077
i1txSpi@dataSize                               cstackCOMMON 00075
initMatrix@dado                                cstackBANK1  000BF
initMatrix@i                                   cstackBANK1  000C1
initMatrix@i_1612                              cstackBANK1  000C2
initMatrix@j                                   cstackBANK1  000C3
int$flags                                      (abs)        0007E
intlevel0                                      functab      00000
intlevel1                                      functab      00000
intlevel2                                      functab      00000
intlevel3                                      functab      00000
intlevel4                                      functab      00000
intlevel5                                      functab      00000
main@i                                         cstackBANK1  000C6
main@rx_char                                   cstackBANK1  000C5
matrixUpdate@data                              cstackBANK1  000BE
matrixUpdate@i_1628                            cstackBANK1  000C0
matrixUpdate@indice                            cstackBANK1  000BD
reset_vec                                      reset_vec    00000
start                                          init         00056
start_initialization                           cinit        00058
txSpi@data                                     cstackBANK1  000BB
txSpi@dataSize                                 cstackBANK1  000B9
wtemp0                                         (abs)        0007E


MODULE INFORMATION

Module		Function		Class		Link	Load	Size
mcc_generated_files/cmp1.c
		_CMP1_ISR      		CODE           	0D26	0000	15
		_CMP1_Initialize		CODE           	0CBC	0000	12
		_CMP1_SetInterruptHandler		CODE           	0C1A	0000	6

mcc_generated_files/cmp1.c estimated size: 33

mcc_generated_files/fvr.c
		_FVR_Initialize		CODE           	0C0D	0000	4

mcc_generated_files/fvr.c estimated size: 4

C:\Program Files\Microchip\xc8\v2.45\pic\sources\c90\common\lwtoft.c
		___lwtoft      		CODE           	0DA2	0000	18

C:\Program Files\Microchip\xc8\v2.45\pic\sources\c90\common\lwtoft.c estimated size: 18

mcc_generated_files/tmr2.c
		_TMR2_Initialize		CODE           	0C63	0000	8

mcc_generated_files/tmr2.c estimated size: 8

mcc_generated_files/interrupt_manager.c
		_INTERRUPT_InterruptManager		CODE           	0004	0000	82

mcc_generated_files/interrupt_manager.c estimated size: 82

mcc_generated_files/tmr0.c
		_TMR0_SetInterruptHandler		CODE           	0C50	0000	6
		_TMR0_DefaultInterruptHandler		CODE           	0C0C	0000	1
		_TMR0_CallBack 		CODE           	0CE0	0000	13
		_TMR0_ISR      		CODE           	0E07	0000	24
		_TMR0_Initialize		CODE           	0DDB	0000	21

mcc_generated_files/tmr0.c estimated size: 65

mcc_generated_files/pin_manager.c
		_IOCBF3_DefaultInterruptHandler		CODE           	0C0B	0000	1
		_IOCBF0_ISR    		CODE           	0D44	0000	15
		_PIN_MANAGER_Initialize		CODE           	0F6F	0000	48
		_IOCBF3_ISR    		CODE           	0D53	0000	15
		_IOCBF0_SetInterruptHandler		CODE           	0C44	0000	6
		_IOCBF3_SetInterruptHandler		CODE           	0C4A	0000	6
		_PIN_MANAGER_IOC		CODE           	0D91	0000	17
		_IOCBF0_DefaultInterruptHandler		CODE           	0C0A	0000	1

mcc_generated_files/pin_manager.c estimated size: 109

mcc_generated_files/spi1.c
		_SPI1_ExchangeBlock		CODE           	07D6	0000	42
		_SPI1_Open     		CODE           	0424	0000	88
		_SPI1_Initialize		CODE           	0CD4	0000	12

mcc_generated_files/spi1.c estimated size: 142

C:\Program Files\Microchip\xc8\v2.45\pic\sources\c90\common\float.c
		___ftpack      		CODE           	02FA	0000	116

C:\Program Files\Microchip\xc8\v2.45\pic\sources\c90\common\float.c estimated size: 116

mcc_generated_files/ccp4.c
		_CCP4_SetCallBack		CODE           	0C2C	0000	6
		_CCP4_CaptureISR		CODE           	0DC6	0000	21
		_CCP4_DefaultCallBack		CODE           	0C09	0000	1
		_CCP4_Initialize		CODE           	0DB4	0000	18

mcc_generated_files/ccp4.c estimated size: 46

mcc_generated_files/adc.c
		_ADC_DefaultInterruptHandler		CODE           	0C08	0000	1
		_ADC_Initialize		CODE           	0D81	0000	16
		_ADC_SetInterruptHandler		CODE           	0C26	0000	6
		_ADC_ISR       		CODE           	0D17	0000	15

mcc_generated_files/adc.c estimated size: 38

mcc_generated_files/cmp2.c
		_CMP2_SetInterruptHandler		CODE           	0C20	0000	6
		_CMP2_ISR      		CODE           	0D35	0000	15
		_CMP2_Initialize		CODE           	0CC8	0000	12

mcc_generated_files/cmp2.c estimated size: 33

shared
		i1_txSpi       		CODE           	0CED	0000	14
		i1_descendoMatriz		CODE           	0C74	0000	12
		i1_controlaMotorElevador		CODE           	0E8F	0000	34
		i1_matrixUpdate		CODE           	0E6E	0000	33
		__initialization		CODE           	0058	0000	24
		i1_AtualizarFilaSolicitacoes		CODE           	06AC	0000	74
		i1_PararElevadorEAtualizarEstado		CODE           	0E1F	0000	25
		i1_SPI1_ExchangeBlock		CODE           	0F1D	0000	39
		i1_CompletaSolicitacao		CODE           	06F6	0000	70
		i1_AtualizarFlagDestino		CODE           	0FCF	0000	49
		_matrix_conf   		STRCODE        	0800	0000	12
		_spi1_configuration		STRCODE        	080C	0000	4
		i1_PWM3_LoadDutyValue		CODE           	0DF0	0000	23
		i1_paradoMatriz		CODE           	0C80	0000	12
		i1_Andar0      		CODE           	0528	0000	81
		i1_subindoMatriz		CODE           	0C8C	0000	12

shared estimated size: 518

mcc_generated_files/mcc.c
		_WDT_Initialize		CODE           	0C11	0000	4
		_OSCILLATOR_Initialize		CODE           	0C5C	0000	7
		_SYSTEM_Initialize		CODE           	0F44	0000	43

mcc_generated_files/mcc.c estimated size: 54

C:\Program Files\Microchip\xc8\v2.45\pic\sources\c90\common\ftmul.c
		___ftmul       		CODE           	0074	0000	179

C:\Program Files\Microchip\xc8\v2.45\pic\sources\c90\common\ftmul.c estimated size: 179

mcc_generated_files/pwm3.c
		_PWM3_Initialize		CODE           	0C6B	0000	9
		_PWM3_LoadDutyValue		CODE           	0E52	0000	28

mcc_generated_files/pwm3.c estimated size: 37

mcc_generated_files/tmr1.c
		_TMR1_Initialize		CODE           	0CFB	0000	14

mcc_generated_files/tmr1.c estimated size: 14

C:\Program Files\Microchip\xc8\v2.45\pic\sources\c90\common\ftdiv.c
		___ftdiv       		CODE           	01D4	0000	165

C:\Program Files\Microchip\xc8\v2.45\pic\sources\c90\common\ftdiv.c estimated size: 165

mcc_generated_files/eusart.c
		_EUSART_Read   		CODE           	0D62	0000	15
		_EUSART_Initialize		CODE           	0EF8	0000	37
		_EUSART_SetFramingErrorHandler		CODE           	0C38	0000	6
		_EUSART_SetErrorHandler		CODE           	0C32	0000	6
		_EUSART_SetOverrunErrorHandler		CODE           	0C3E	0000	6
		_EUSART_is_rx_ready		CODE           	0C15	0000	5

mcc_generated_files/eusart.c estimated size: 75

main.c
		_paradoMatriz  		CODE           	0CA4	0000	12
		_descendoMatriz		CODE           	0C98	0000	12
		_txSpi         		CODE           	0D71	0000	16
		_AtualizarFlagDestino		CODE           	0770	0000	51
		_controlaMotorElevador		CODE           	0ED4	0000	36
		_Andar1        		CODE           	07A3	0000	51
		_AtualizarFilaSolicitacoes		CODE           	05C9	0000	77
		_main          		CODE           	0127	0000	173
		_Interrupt_CCP4		CODE           	04D2	0000	86
		_initMatrix    		CODE           	0579	0000	80
		_ascii2bin     		CODE           	0D09	0000	14
		_Andar2        		CODE           	073C	0000	52
		_determinaProximoDestinoPiso1		CODE           	036E	0000	91
		_determinaProximoDestinoPiso2		CODE           	03C9	0000	91
		_CompletaSolicitacao		CODE           	0662	0000	74
		_PararElevadorEAtualizarEstado		CODE           	0E38	0000	26
		_Andar0        		CODE           	047C	0000	86
		_subindoMatriz 		CODE           	0CB0	0000	12
		_Andar3        		CODE           	0616	0000	76
		_adicionaSolicitacaoNaFila		CODE           	0F9F	0000	48
		_matrixUpdate  		CODE           	0EB1	0000	35

main.c estimated size: 1199

C:\Program Files\Microchip\xc8\v2.45\pic\sources\c90\common\fttol.c
		___fttol       		CODE           	0279	0000	129

C:\Program Files\Microchip\xc8\v2.45\pic\sources\c90\common\fttol.c estimated size: 129

